// Jest Snapshot v1, https://goo.gl/fbAQLP

exports[`the button group should render correctly 1`] = `
<div
  aria-label="FPS"
  className="button-group btn-group"
  role="group"
>
  <button
    className="btn btn-secondary"
    disabled={false}
    onClick={[Function]}
    type="button"
  >
    10
  </button>
  <button
    className="btn btn-secondary"
    disabled={false}
    onClick={[Function]}
    type="button"
  >
    30
  </button>
  <button
    className="btn btn-secondary"
    disabled={false}
    onClick={[Function]}
    type="button"
  >
    60
  </button>
</div>
`;
