// Jest Snapshot v1, https://goo.gl/fbAQLP

exports[`the player should render correctly 1`] = `
<div>
  <div
    class="player"
  >
    <div
      class="image-stack"
    >
      <div>
        <button
          class="btn btn-secondary"
          id="play-button"
          type="button"
        >
          <svg
            fill="currentColor"
            id="play-icon"
            viewBox="0 0 16 16"
            xmlns="http://www.w3.org/2000/svg"
          >
            <path
              d="M16 8A8 8 0 1 1 0 8a8 8 0 0 1 16 0zM6.79 5.093A.5.5 0 0 0 6 5.5v5a.5.5 0 0 0 .79.407l3.5-2.5a.5.5 0 0 0 0-.814l-3.5-2.5z"
            />
          </svg>
        </button>
      </div>
    </div>
    <div
      aria-label="FPS"
      class="button-group btn-group"
      role="group"
    >
      <button
        class="btn btn-secondary"
        type="button"
      >
        10
      </button>
      <button
        class="btn btn-secondary"
        type="button"
      >
        30
      </button>
      <button
        class="btn btn-secondary"
        type="button"
      >
        60
      </button>
    </div>
  </div>
</div>
`;
